NAME                                    CPU %     MEM USAGE / LIMIT
rinha-de-backend-2026-solution-lb-1     0.00%     41.59MiB / 190MiB
rinha-de-backend-2026-solution-api1-1   0.00%     46.61MiB / 80MiB
rinha-de-backend-2026-solution-api2-1   0.00%     46.37MiB / 80MiB
open-notebook-open_notebook-1           0.21%     375.7MiB / 31.11GiB
open-notebook-surrealdb-1               0.09%     153.1MiB / 31.11GiB
cvat_ui                                 0.00%     16.41MiB / 31.11GiB
cvat_worker_utils                       0.04%     368.9MiB / 31.11GiB
cvat_worker_consensus                   0.05%     208.2MiB / 31.11GiB
cvat_server                             0.18%     409.9MiB / 31.11GiB
cvat_worker_webhooks                    0.05%     210.7MiB / 31.11GiB
cvat_worker_export                      0.09%     379.3MiB / 31.11GiB
cvat_worker_import                      0.07%     379.7MiB / 31.11GiB
cvat_worker_quality_reports             0.04%     207.8MiB / 31.11GiB
cvat_worker_annotation                  0.04%     211MiB / 31.11GiB
cvat_vector                             0.01%     12.86MiB / 31.11GiB
cvat_worker_chunks                      0.08%     378.8MiB / 31.11GiB
traefik                                 0.00%     86.93MiB / 31.11GiB
cvat_opa                                0.00%     36.29MiB / 31.11GiB
cvat_db                                 0.00%     44.16MiB / 31.11GiB
cvat_grafana                            0.04%     217.6MiB / 31.11GiB
cvat_redis_inmem                        0.10%     6.383MiB / 31.11GiB
cvat_clickhouse                         2.36%     1.097GiB / 31.11GiB
cvat_redis_ondisk                       0.06%     50MiB / 31.11GiB
---
NAME                                    CPU %     MEM USAGE / LIMIT
rinha-de-backend-2026-solution-lb-1     1.16%     43.86MiB / 190MiB
rinha-de-backend-2026-solution-api1-1   0.31%     46.87MiB / 80MiB
rinha-de-backend-2026-solution-api2-1   0.22%     46.38MiB / 80MiB
open-notebook-open_notebook-1           0.47%     375.7MiB / 31.11GiB
open-notebook-surrealdb-1               0.00%     152.9MiB / 31.11GiB
cvat_ui                                 0.00%     16.41MiB / 31.11GiB
cvat_worker_utils                       0.11%     368.9MiB / 31.11GiB
cvat_worker_consensus                   0.09%     208.2MiB / 31.11GiB
cvat_server                             0.35%     409.9MiB / 31.11GiB
cvat_worker_webhooks                    0.09%     210.7MiB / 31.11GiB
cvat_worker_export                      0.18%     379.3MiB / 31.11GiB
cvat_worker_import                      0.18%     379.7MiB / 31.11GiB
cvat_worker_quality_reports             0.09%     207.8MiB / 31.11GiB
cvat_worker_annotation                  0.08%     211MiB / 31.11GiB
cvat_vector                             0.03%     12.86MiB / 31.11GiB
cvat_worker_chunks                      0.20%     378.8MiB / 31.11GiB
traefik                                 0.00%     86.43MiB / 31.11GiB
cvat_opa                                0.00%     36.29MiB / 31.11GiB
cvat_db                                 0.00%     44.16MiB / 31.11GiB
cvat_grafana                            0.10%     217.6MiB / 31.11GiB
cvat_redis_inmem                        0.27%     6.879MiB / 31.11GiB
cvat_clickhouse                         1.15%     1.096GiB / 31.11GiB
cvat_redis_ondisk                       0.07%     50.4MiB / 31.11GiB
---
NAME                                    CPU %     MEM USAGE / LIMIT
rinha-de-backend-2026-solution-lb-1     1.63%     43.94MiB / 190MiB
rinha-de-backend-2026-solution-api1-1   0.65%     46.62MiB / 80MiB
rinha-de-backend-2026-solution-api2-1   0.74%     46.62MiB / 80MiB
open-notebook-open_notebook-1           0.50%     376MiB / 31.11GiB
open-notebook-surrealdb-1               1.15%     153.1MiB / 31.11GiB
cvat_ui                                 0.00%     16.41MiB / 31.11GiB
cvat_worker_utils                       0.09%     368.9MiB / 31.11GiB
cvat_worker_consensus                   0.10%     208.2MiB / 31.11GiB
cvat_server                             0.37%     409.9MiB / 31.11GiB
cvat_worker_webhooks                    0.11%     210.7MiB / 31.11GiB
cvat_worker_export                      0.19%     379.3MiB / 31.11GiB
cvat_worker_import                      0.16%     379.7MiB / 31.11GiB
cvat_worker_quality_reports             0.08%     207.8MiB / 31.11GiB
cvat_worker_annotation                  0.11%     211MiB / 31.11GiB
cvat_vector                             0.02%     12.86MiB / 31.11GiB
cvat_worker_chunks                      0.16%     378.8MiB / 31.11GiB
traefik                                 0.00%     86.43MiB / 31.11GiB
cvat_opa                                0.02%     36.79MiB / 31.11GiB
cvat_db                                 0.00%     44.16MiB / 31.11GiB
cvat_grafana                            0.11%     217.6MiB / 31.11GiB
cvat_redis_inmem                        0.32%     6.641MiB / 31.11GiB
cvat_clickhouse                         0.83%     1.1GiB / 31.11GiB
cvat_redis_ondisk                       0.06%     50.22MiB / 31.11GiB
---
NAME                                    CPU %     MEM USAGE / LIMIT
rinha-de-backend-2026-solution-lb-1     1.80%     43.91MiB / 190MiB
rinha-de-backend-2026-solution-api1-1   1.14%     46.62MiB / 80MiB
rinha-de-backend-2026-solution-api2-1   1.05%     46.62MiB / 80MiB
open-notebook-open_notebook-1           0.48%     376.2MiB / 31.11GiB
open-notebook-surrealdb-1               0.04%     153.1MiB / 31.11GiB
cvat_ui                                 0.00%     16.41MiB / 31.11GiB
cvat_worker_utils                       0.10%     368.9MiB / 31.11GiB
cvat_worker_consensus                   0.10%     208.2MiB / 31.11GiB
cvat_server                             0.29%     409.9MiB / 31.11GiB
cvat_worker_webhooks                    0.09%     210.7MiB / 31.11GiB
cvat_worker_export                      0.15%     379.3MiB / 31.11GiB
cvat_worker_import                      0.15%     379.7MiB / 31.11GiB
cvat_worker_quality_reports             0.09%     207.8MiB / 31.11GiB
cvat_worker_annotation                  0.09%     211MiB / 31.11GiB
cvat_vector                             0.02%     12.86MiB / 31.11GiB
cvat_worker_chunks                      0.16%     378.8MiB / 31.11GiB
traefik                                 0.00%     86.43MiB / 31.11GiB
cvat_opa                                0.00%     36.54MiB / 31.11GiB
cvat_db                                 0.00%     44.16MiB / 31.11GiB
cvat_grafana                            0.06%     217.6MiB / 31.11GiB
cvat_redis_inmem                        0.25%     6.391MiB / 31.11GiB
cvat_clickhouse                         1.31%     1.099GiB / 31.11GiB
cvat_redis_ondisk                       0.08%     50.22MiB / 31.11GiB
---
NAME                                    CPU %     MEM USAGE / LIMIT
rinha-de-backend-2026-solution-lb-1     1.93%     42.7MiB / 190MiB
rinha-de-backend-2026-solution-api1-1   1.53%     46.86MiB / 80MiB
rinha-de-backend-2026-solution-api2-1   1.55%     46.37MiB / 80MiB
open-notebook-open_notebook-1           0.48%     376.2MiB / 31.11GiB
open-notebook-surrealdb-1               1.34%     153.6MiB / 31.11GiB
cvat_ui                                 0.00%     16.41MiB / 31.11GiB
cvat_worker_utils                       0.08%     368.9MiB / 31.11GiB
cvat_worker_consensus                   0.08%     208.2MiB / 31.11GiB
cvat_server                             0.32%     410.4MiB / 31.11GiB
cvat_worker_webhooks                    0.12%     210.7MiB / 31.11GiB
cvat_worker_export                      0.17%     379.3MiB / 31.11GiB
cvat_worker_import                      0.18%     379.7MiB / 31.11GiB
cvat_worker_quality_reports             0.09%     207.8MiB / 31.11GiB
cvat_worker_annotation                  0.09%     211MiB / 31.11GiB
cvat_vector                             0.02%     12.86MiB / 31.11GiB
cvat_worker_chunks                      0.17%     378.8MiB / 31.11GiB
traefik                                 0.00%     86.43MiB / 31.11GiB
cvat_opa                                0.00%     37.05MiB / 31.11GiB
cvat_db                                 0.00%     44.16MiB / 31.11GiB
cvat_grafana                            1.27%     218.1MiB / 31.11GiB
cvat_redis_inmem                        0.23%     6.148MiB / 31.11GiB
cvat_clickhouse                         1.12%     1.086GiB / 31.11GiB
cvat_redis_ondisk                       0.13%     50.22MiB / 31.11GiB
---
NAME                                    CPU %     MEM USAGE / LIMIT
rinha-de-backend-2026-solution-lb-1     2.59%     44.34MiB / 190MiB
rinha-de-backend-2026-solution-api1-1   1.33%     46.87MiB / 80MiB
rinha-de-backend-2026-solution-api2-1   1.76%     46.37MiB / 80MiB
open-notebook-open_notebook-1           0.42%     376.2MiB / 31.11GiB
open-notebook-surrealdb-1               0.00%     153.6MiB / 31.11GiB
cvat_ui                                 0.00%     16.41MiB / 31.11GiB
cvat_worker_utils                       0.09%     368.9MiB / 31.11GiB
cvat_worker_consensus                   0.08%     208.2MiB / 31.11GiB
cvat_server                             0.31%     410.4MiB / 31.11GiB
cvat_worker_webhooks                    0.09%     210.7MiB / 31.11GiB
cvat_worker_export                      0.17%     379.3MiB / 31.11GiB
cvat_worker_import                      0.17%     379.7MiB / 31.11GiB
cvat_worker_quality_reports             0.09%     207.8MiB / 31.11GiB
cvat_worker_annotation                  0.10%     211MiB / 31.11GiB
cvat_vector                             0.02%     12.86MiB / 31.11GiB
cvat_worker_chunks                      0.17%     378.8MiB / 31.11GiB
traefik                                 0.00%     86.43MiB / 31.11GiB
cvat_opa                                0.02%     36.3MiB / 31.11GiB
cvat_db                                 0.00%     44.16MiB / 31.11GiB
cvat_grafana                            0.05%     217.9MiB / 31.11GiB
cvat_redis_inmem                        0.23%     6.387MiB / 31.11GiB
cvat_clickhouse                         4.67%     1.086GiB / 31.11GiB
cvat_redis_ondisk                       0.08%     50.22MiB / 31.11GiB
---
NAME                                    CPU %     MEM USAGE / LIMIT
rinha-de-backend-2026-solution-lb-1     3.45%     43.98MiB / 190MiB
rinha-de-backend-2026-solution-api1-1   1.82%     46.88MiB / 80MiB
rinha-de-backend-2026-solution-api2-1   1.96%     46.88MiB / 80MiB
open-notebook-open_notebook-1           0.43%     376.2MiB / 31.11GiB
open-notebook-surrealdb-1               0.07%     153.9MiB / 31.11GiB
cvat_ui                                 0.00%     16.41MiB / 31.11GiB
cvat_worker_utils                       0.08%     368.9MiB / 31.11GiB
cvat_worker_consensus                   0.08%     208.2MiB / 31.11GiB
cvat_server                             0.31%     410.4MiB / 31.11GiB
cvat_worker_webhooks                    0.10%     210.7MiB / 31.11GiB
cvat_worker_export                      0.16%     379.3MiB / 31.11GiB
cvat_worker_import                      0.15%     379.7MiB / 31.11GiB
cvat_worker_quality_reports             0.08%     207.8MiB / 31.11GiB
cvat_worker_annotation                  0.09%     211MiB / 31.11GiB
cvat_vector                             0.01%     12.86MiB / 31.11GiB
cvat_worker_chunks                      0.15%     378.8MiB / 31.11GiB
traefik                                 0.00%     86.43MiB / 31.11GiB
cvat_opa                                0.00%     36.3MiB / 31.11GiB
cvat_db                                 0.00%     44.16MiB / 31.11GiB
cvat_grafana                            0.07%     217.9MiB / 31.11GiB
cvat_redis_inmem                        0.22%     6.387MiB / 31.11GiB
cvat_clickhouse                         0.80%     1.094GiB / 31.11GiB
cvat_redis_ondisk                       0.10%     50.22MiB / 31.11GiB
---
NAME                                    CPU %     MEM USAGE / LIMIT
rinha-de-backend-2026-solution-lb-1     3.83%     44.24MiB / 190MiB
rinha-de-backend-2026-solution-api1-1   2.31%     46.89MiB / 80MiB
rinha-de-backend-2026-solution-api2-1   2.25%     46.4MiB / 80MiB
open-notebook-open_notebook-1           0.40%     376MiB / 31.11GiB
open-notebook-surrealdb-1               1.73%     153.9MiB / 31.11GiB
cvat_ui                                 0.00%     16.41MiB / 31.11GiB
cvat_worker_utils                       0.08%     368.9MiB / 31.11GiB
cvat_worker_consensus                   0.09%     208.2MiB / 31.11GiB
cvat_server                             0.32%     411.1MiB / 31.11GiB
cvat_worker_webhooks                    0.08%     210.7MiB / 31.11GiB
cvat_worker_export                      0.15%     379.3MiB / 31.11GiB
cvat_worker_import                      0.14%     379.7MiB / 31.11GiB
cvat_worker_quality_reports             0.09%     207.8MiB / 31.11GiB
cvat_worker_annotation                  0.09%     211MiB / 31.11GiB
cvat_vector                             0.01%     12.86MiB / 31.11GiB
cvat_worker_chunks                      0.14%     378.8MiB / 31.11GiB
traefik                                 0.00%     86.42MiB / 31.11GiB
cvat_opa                                0.00%     36.57MiB / 31.11GiB
cvat_db                                 0.00%     44.16MiB / 31.11GiB
cvat_grafana                            0.08%     217.9MiB / 31.11GiB
cvat_redis_inmem                        0.21%     6.391MiB / 31.11GiB
cvat_clickhouse                         0.88%     1.09GiB / 31.11GiB
cvat_redis_ondisk                       0.06%     50.22MiB / 31.11GiB
---
NAME                                    CPU %     MEM USAGE / LIMIT
rinha-de-backend-2026-solution-lb-1     4.30%     44.05MiB / 190MiB
rinha-de-backend-2026-solution-api1-1   2.32%     47.14MiB / 80MiB
rinha-de-backend-2026-solution-api2-1   2.21%     46.64MiB / 80MiB
open-notebook-open_notebook-1           0.43%     375.7MiB / 31.11GiB
open-notebook-surrealdb-1               0.00%     154.4MiB / 31.11GiB
cvat_ui                                 0.00%     16.41MiB / 31.11GiB
cvat_worker_utils                       0.08%     368.9MiB / 31.11GiB
cvat_worker_consensus                   0.10%     208.2MiB / 31.11GiB
cvat_server                             0.33%     410.6MiB / 31.11GiB
cvat_worker_webhooks                    0.11%     210.7MiB / 31.11GiB
cvat_worker_export                      0.15%     379.3MiB / 31.11GiB
cvat_worker_import                      0.17%     379.7MiB / 31.11GiB
cvat_worker_quality_reports             0.10%     207.8MiB / 31.11GiB
cvat_worker_annotation                  0.09%     211MiB / 31.11GiB
cvat_vector                             0.01%     12.86MiB / 31.11GiB
cvat_worker_chunks                      0.16%     378.8MiB / 31.11GiB
traefik                                 0.09%     86.42MiB / 31.11GiB
cvat_opa                                0.00%     36.57MiB / 31.11GiB
cvat_db                                 0.00%     44.16MiB / 31.11GiB
cvat_grafana                            0.05%     217.6MiB / 31.11GiB
cvat_redis_inmem                        0.21%     6.641MiB / 31.11GiB
cvat_clickhouse                         0.77%     1.073GiB / 31.11GiB
cvat_redis_ondisk                       0.08%     50.22MiB / 31.11GiB
---
NAME                                    CPU %     MEM USAGE / LIMIT
rinha-de-backend-2026-solution-lb-1     3.88%     44.15MiB / 190MiB
rinha-de-backend-2026-solution-api1-1   2.31%     46.39MiB / 80MiB
rinha-de-backend-2026-solution-api2-1   2.37%     46.64MiB / 80MiB
open-notebook-open_notebook-1           0.49%     376MiB / 31.11GiB
open-notebook-surrealdb-1               1.63%     154.3MiB / 31.11GiB
cvat_ui                                 0.00%     16.41MiB / 31.11GiB
cvat_worker_utils                       0.07%     368.9MiB / 31.11GiB
cvat_worker_consensus                   0.09%     208.2MiB / 31.11GiB
cvat_server                             1.56%     411.6MiB / 31.11GiB
cvat_worker_webhooks                    0.07%     210.7MiB / 31.11GiB
cvat_worker_export                      0.16%     379.3MiB / 31.11GiB
cvat_worker_import                      0.13%     379.7MiB / 31.11GiB
cvat_worker_quality_reports             0.07%     207.8MiB / 31.11GiB
cvat_worker_annotation                  0.08%     211MiB / 31.11GiB
cvat_vector                             0.02%     12.86MiB / 31.11GiB
cvat_worker_chunks                      0.15%     378.8MiB / 31.11GiB
traefik                                 0.00%     86.42MiB / 31.11GiB
cvat_opa                                32.18%    40.16MiB / 31.11GiB
cvat_db                                 0.00%     44.16MiB / 31.11GiB
cvat_grafana                            0.34%     217.6MiB / 31.11GiB
cvat_redis_inmem                        0.27%     6.637MiB / 31.11GiB
cvat_clickhouse                         3.39%     1.071GiB / 31.11GiB
cvat_redis_ondisk                       0.07%     50.37MiB / 31.11GiB
---
NAME                                    CPU %     MEM USAGE / LIMIT
rinha-de-backend-2026-solution-lb-1     5.50%     44.43MiB / 190MiB
rinha-de-backend-2026-solution-api1-1   2.99%     47.13MiB / 80MiB
rinha-de-backend-2026-solution-api2-1   3.14%     47.13MiB / 80MiB
open-notebook-open_notebook-1           0.49%     376MiB / 31.11GiB
open-notebook-surrealdb-1               0.03%     153.9MiB / 31.11GiB
cvat_ui                                 0.00%     16.41MiB / 31.11GiB
cvat_worker_utils                       0.08%     368.9MiB / 31.11GiB
cvat_worker_consensus                   0.09%     208.2MiB / 31.11GiB
cvat_server                             0.35%     410.2MiB / 31.11GiB
cvat_worker_webhooks                    0.10%     210.7MiB / 31.11GiB
cvat_worker_export                      0.17%     379.3MiB / 31.11GiB
cvat_worker_import                      0.16%     379.7MiB / 31.11GiB
cvat_worker_quality_reports             0.09%     207.8MiB / 31.11GiB
cvat_worker_annotation                  0.09%     211MiB / 31.11GiB
cvat_vector                             0.00%     12.86MiB / 31.11GiB
cvat_worker_chunks                      0.16%     378.8MiB / 31.11GiB
traefik                                 0.00%     86.42MiB / 31.11GiB
cvat_opa                                0.00%     37.52MiB / 31.11GiB
cvat_db                                 0.01%     44.16MiB / 31.11GiB
cvat_grafana                            0.22%     217.6MiB / 31.11GiB
cvat_redis_inmem                        0.25%     6.645MiB / 31.11GiB
cvat_clickhouse                         1.93%     1.068GiB / 31.11GiB
cvat_redis_ondisk                       0.09%     50MiB / 31.11GiB
---
NAME                                    CPU %     MEM USAGE / LIMIT
rinha-de-backend-2026-solution-lb-1     7.60%     43.1MiB / 190MiB
rinha-de-backend-2026-solution-api1-1   3.34%     46.63MiB / 80MiB
rinha-de-backend-2026-solution-api2-1   2.73%     46.88MiB / 80MiB
open-notebook-open_notebook-1           0.44%     375.7MiB / 31.11GiB
open-notebook-surrealdb-1               0.00%     153.6MiB / 31.11GiB
cvat_ui                                 0.00%     16.41MiB / 31.11GiB
cvat_worker_utils                       0.08%     368.9MiB / 31.11GiB
cvat_worker_consensus                   0.09%     208.2MiB / 31.11GiB
cvat_server                             0.33%     409.9MiB / 31.11GiB
cvat_worker_webhooks                    0.09%     210.7MiB / 31.11GiB
cvat_worker_export                      0.20%     379.3MiB / 31.11GiB
cvat_worker_import                      0.14%     379.7MiB / 31.11GiB
cvat_worker_quality_reports             0.08%     207.8MiB / 31.11GiB
cvat_worker_annotation                  0.09%     211MiB / 31.11GiB
cvat_vector                             0.02%     12.86MiB / 31.11GiB
cvat_worker_chunks                      0.16%     378.8MiB / 31.11GiB
traefik                                 0.00%     86.42MiB / 31.11GiB
cvat_opa                                0.02%     37.21MiB / 31.11GiB
cvat_db                                 0.00%     44.24MiB / 31.11GiB
cvat_grafana                            1.38%     217.9MiB / 31.11GiB
cvat_redis_inmem                        0.22%     6.395MiB / 31.11GiB
cvat_clickhouse                         2.37%     1.067GiB / 31.11GiB
cvat_redis_ondisk                       0.08%     50MiB / 31.11GiB
---
NAME                                    CPU %     MEM USAGE / LIMIT
rinha-de-backend-2026-solution-lb-1     7.97%     44.31MiB / 190MiB
rinha-de-backend-2026-solution-api1-1   3.72%     46.64MiB / 80MiB
rinha-de-backend-2026-solution-api2-1   3.59%     46.89MiB / 80MiB
open-notebook-open_notebook-1           0.48%     375.7MiB / 31.11GiB
open-notebook-surrealdb-1               2.21%     153.6MiB / 31.11GiB
cvat_ui                                 0.00%     16.41MiB / 31.11GiB
cvat_worker_utils                       0.14%     368.9MiB / 31.11GiB
cvat_worker_consensus                   0.08%     208.2MiB / 31.11GiB
cvat_server                             0.38%     409.9MiB / 31.11GiB
cvat_worker_webhooks                    0.08%     210.7MiB / 31.11GiB
cvat_worker_export                      0.14%     379.3MiB / 31.11GiB
cvat_worker_import                      0.15%     379.7MiB / 31.11GiB
cvat_worker_quality_reports             0.09%     207.8MiB / 31.11GiB
cvat_worker_annotation                  0.08%     211MiB / 31.11GiB
cvat_vector                             0.01%     12.86MiB / 31.11GiB
cvat_worker_chunks                      0.19%     378.8MiB / 31.11GiB
traefik                                 0.00%     86.42MiB / 31.11GiB
cvat_opa                                0.00%     37MiB / 31.11GiB
cvat_db                                 0.00%     44.16MiB / 31.11GiB
cvat_grafana                            0.07%     217.6MiB / 31.11GiB
cvat_redis_inmem                        0.24%     6.141MiB / 31.11GiB
cvat_clickhouse                         0.83%     1.071GiB / 31.11GiB
cvat_redis_ondisk                       0.06%     50MiB / 31.11GiB
---
NAME                                    CPU %     MEM USAGE / LIMIT
rinha-de-backend-2026-solution-lb-1     9.24%     44.28MiB / 190MiB
rinha-de-backend-2026-solution-api1-1   3.60%     46.4MiB / 80MiB
rinha-de-backend-2026-solution-api2-1   3.49%     46.89MiB / 80MiB
open-notebook-open_notebook-1           0.56%     375.7MiB / 31.11GiB
open-notebook-surrealdb-1               0.02%     153.1MiB / 31.11GiB
cvat_ui                                 0.00%     16.41MiB / 31.11GiB
cvat_worker_utils                       0.10%     368.9MiB / 31.11GiB
cvat_worker_consensus                   0.08%     208.2MiB / 31.11GiB
cvat_server                             0.33%     409.9MiB / 31.11GiB
cvat_worker_webhooks                    0.08%     210.7MiB / 31.11GiB
cvat_worker_export                      0.13%     379.3MiB / 31.11GiB
cvat_worker_import                      0.16%     379.7MiB / 31.11GiB
cvat_worker_quality_reports             0.10%     207.8MiB / 31.11GiB
cvat_worker_annotation                  0.09%     211MiB / 31.11GiB
cvat_vector                             0.02%     12.86MiB / 31.11GiB
cvat_worker_chunks                      0.15%     378.8MiB / 31.11GiB
traefik                                 0.00%     86.42MiB / 31.11GiB
cvat_opa                                0.00%     36.99MiB / 31.11GiB
cvat_db                                 0.00%     44.16MiB / 31.11GiB
cvat_grafana                            0.08%     217.6MiB / 31.11GiB
cvat_redis_inmem                        0.23%     6.391MiB / 31.11GiB
cvat_clickhouse                         0.86%     1.071GiB / 31.11GiB
cvat_redis_ondisk                       0.07%     50MiB / 31.11GiB
---
NAME                                    CPU %     MEM USAGE / LIMIT
rinha-de-backend-2026-solution-lb-1     7.01%     44MiB / 190MiB
rinha-de-backend-2026-solution-api1-1   4.00%     46.65MiB / 80MiB
rinha-de-backend-2026-solution-api2-1   4.06%     46.88MiB / 80MiB
open-notebook-open_notebook-1           0.43%     375.7MiB / 31.11GiB
open-notebook-surrealdb-1               0.00%     153.1MiB / 31.11GiB
cvat_ui                                 0.00%     16.41MiB / 31.11GiB
cvat_worker_utils                       0.26%     369.2MiB / 31.11GiB
cvat_worker_consensus                   0.09%     208.2MiB / 31.11GiB
cvat_server                             0.31%     409.9MiB / 31.11GiB
cvat_worker_webhooks                    0.08%     210.7MiB / 31.11GiB
cvat_worker_export                      0.15%     379.3MiB / 31.11GiB
cvat_worker_import                      0.17%     379.7MiB / 31.11GiB
cvat_worker_quality_reports             0.10%     207.8MiB / 31.11GiB
cvat_worker_annotation                  0.08%     211MiB / 31.11GiB
cvat_vector                             0.01%     12.86MiB / 31.11GiB
cvat_worker_chunks                      0.17%     378.8MiB / 31.11GiB
traefik                                 0.00%     86.42MiB / 31.11GiB
cvat_opa                                0.00%     36.99MiB / 31.11GiB
cvat_db                                 0.00%     44.16MiB / 31.11GiB
cvat_grafana                            0.07%     217.6MiB / 31.11GiB
cvat_redis_inmem                        0.37%     7.121MiB / 31.11GiB
cvat_clickhouse                         4.14%     1.069GiB / 31.11GiB
cvat_redis_ondisk                       0.11%     50MiB / 31.11GiB
---
NAME                                    CPU %     MEM USAGE / LIMIT
rinha-de-backend-2026-solution-lb-1     7.27%     44.93MiB / 190MiB
rinha-de-backend-2026-solution-api1-1   4.11%     46.64MiB / 80MiB
rinha-de-backend-2026-solution-api2-1   3.73%     46.88MiB / 80MiB
open-notebook-open_notebook-1           0.43%     375.7MiB / 31.11GiB
open-notebook-surrealdb-1               1.85%     153.6MiB / 31.11GiB
cvat_ui                                 0.00%     16.41MiB / 31.11GiB
cvat_worker_utils                       0.10%     368.9MiB / 31.11GiB
cvat_worker_consensus                   0.09%     208.2MiB / 31.11GiB
cvat_server                             0.33%     410.4MiB / 31.11GiB
cvat_worker_webhooks                    0.09%     210.7MiB / 31.11GiB
cvat_worker_export                      0.16%     379.3MiB / 31.11GiB
cvat_worker_import                      0.20%     379.7MiB / 31.11GiB
cvat_worker_quality_reports             0.10%     207.8MiB / 31.11GiB
cvat_worker_annotation                  0.08%     211MiB / 31.11GiB
cvat_vector                             0.02%     12.86MiB / 31.11GiB
cvat_worker_chunks                      0.20%     378.8MiB / 31.11GiB
traefik                                 0.00%     86.42MiB / 31.11GiB
cvat_opa                                0.00%     40.02MiB / 31.11GiB
cvat_db                                 0.01%     44.16MiB / 31.11GiB
cvat_grafana                            0.07%     217.6MiB / 31.11GiB
cvat_redis_inmem                        0.23%     6.387MiB / 31.11GiB
cvat_clickhouse                         1.86%     1.07GiB / 31.11GiB
cvat_redis_ondisk                       0.09%     50MiB / 31.11GiB
---
NAME                                    CPU %     MEM USAGE / LIMIT
rinha-de-backend-2026-solution-lb-1     7.65%     44.39MiB / 190MiB
rinha-de-backend-2026-solution-api1-1   3.99%     47.13MiB / 80MiB
rinha-de-backend-2026-solution-api2-1   4.26%     46.65MiB / 80MiB
open-notebook-open_notebook-1           0.50%     376MiB / 31.11GiB
open-notebook-surrealdb-1               0.03%     153.4MiB / 31.11GiB
cvat_ui                                 0.00%     16.41MiB / 31.11GiB
cvat_worker_utils                       0.09%     368.9MiB / 31.11GiB
cvat_worker_consensus                   0.09%     208.2MiB / 31.11GiB
cvat_server                             0.34%     410.2MiB / 31.11GiB
cvat_worker_webhooks                    0.09%     210.7MiB / 31.11GiB
cvat_worker_export                      0.17%     379.3MiB / 31.11GiB
cvat_worker_import                      0.15%     379.7MiB / 31.11GiB
cvat_worker_quality_reports             0.10%     207.8MiB / 31.11GiB
cvat_worker_annotation                  0.08%     211MiB / 31.11GiB
cvat_vector                             0.02%     12.86MiB / 31.11GiB
cvat_worker_chunks                      0.15%     378.8MiB / 31.11GiB
traefik                                 0.00%     86.49MiB / 31.11GiB
cvat_opa                                0.00%     38.78MiB / 31.11GiB
cvat_db                                 0.00%     44.16MiB / 31.11GiB
cvat_grafana                            0.04%     217.6MiB / 31.11GiB
cvat_redis_inmem                        0.28%     6.387MiB / 31.11GiB
cvat_clickhouse                         0.80%     1.072GiB / 31.11GiB
cvat_redis_ondisk                       0.12%     50MiB / 31.11GiB
---
NAME                                    CPU %     MEM USAGE / LIMIT
rinha-de-backend-2026-solution-lb-1     9.23%     45MiB / 190MiB
rinha-de-backend-2026-solution-api1-1   5.33%     47.63MiB / 80MiB
rinha-de-backend-2026-solution-api2-1   4.68%     46.9MiB / 80MiB
open-notebook-open_notebook-1           0.47%     376MiB / 31.11GiB
open-notebook-surrealdb-1               1.67%     153.4MiB / 31.11GiB
cvat_ui                                 0.00%     16.41MiB / 31.11GiB
cvat_worker_utils                       0.09%     368.9MiB / 31.11GiB
cvat_worker_consensus                   0.09%     208.2MiB / 31.11GiB
cvat_server                             0.31%     409.9MiB / 31.11GiB
cvat_worker_webhooks                    0.08%     210.7MiB / 31.11GiB
cvat_worker_export                      0.14%     379.3MiB / 31.11GiB
cvat_worker_import                      0.15%     379.7MiB / 31.11GiB
cvat_worker_quality_reports             0.10%     207.8MiB / 31.11GiB
cvat_worker_annotation                  0.08%     211MiB / 31.11GiB
cvat_vector                             0.02%     12.86MiB / 31.11GiB
cvat_worker_chunks                      0.17%     378.8MiB / 31.11GiB
traefik                                 0.00%     86.49MiB / 31.11GiB
cvat_opa                                0.03%     38.77MiB / 31.11GiB
cvat_db                                 0.00%     44.16MiB / 31.11GiB
cvat_grafana                            0.08%     217.6MiB / 31.11GiB
cvat_redis_inmem                        0.24%     7.137MiB / 31.11GiB
cvat_clickhouse                         0.98%     1.061GiB / 31.11GiB
cvat_redis_ondisk                       0.08%     50MiB / 31.11GiB
---
NAME                                    CPU %     MEM USAGE / LIMIT
rinha-de-backend-2026-solution-lb-1     8.93%     44.94MiB / 190MiB
rinha-de-backend-2026-solution-api1-1   4.08%     47.62MiB / 80MiB
rinha-de-backend-2026-solution-api2-1   4.48%     47.38MiB / 80MiB
open-notebook-open_notebook-1           0.51%     375.8MiB / 31.11GiB
open-notebook-surrealdb-1               0.08%     153.1MiB / 31.11GiB
cvat_ui                                 0.00%     16.41MiB / 31.11GiB
cvat_worker_utils                       0.10%     368.9MiB / 31.11GiB
cvat_worker_consensus                   0.08%     208.2MiB / 31.11GiB
cvat_server                             0.37%     409.9MiB / 31.11GiB
cvat_worker_webhooks                    0.09%     210.7MiB / 31.11GiB
cvat_worker_export                      0.14%     379.3MiB / 31.11GiB
cvat_worker_import                      0.15%     379.7MiB / 31.11GiB
cvat_worker_quality_reports             0.09%     207.8MiB / 31.11GiB
cvat_worker_annotation                  0.09%     211MiB / 31.11GiB
cvat_vector                             0.01%     12.86MiB / 31.11GiB
cvat_worker_chunks                      0.16%     378.8MiB / 31.11GiB
traefik                                 0.00%     86.49MiB / 31.11GiB
cvat_opa                                0.00%     39.98MiB / 31.11GiB
cvat_db                                 0.00%     44.16MiB / 31.11GiB
cvat_grafana                            0.06%     217.6MiB / 31.11GiB
cvat_redis_inmem                        0.24%     7.133MiB / 31.11GiB
cvat_clickhouse                         3.97%     1.056GiB / 31.11GiB
cvat_redis_ondisk                       0.08%     50MiB / 31.11GiB
---
NAME                                    CPU %     MEM USAGE / LIMIT
rinha-de-backend-2026-solution-lb-1     7.64%     43.74MiB / 190MiB
rinha-de-backend-2026-solution-api1-1   4.48%     47.15MiB / 80MiB
rinha-de-backend-2026-solution-api2-1   4.51%     46.69MiB / 80MiB
open-notebook-open_notebook-1           0.45%     375.8MiB / 31.11GiB
open-notebook-surrealdb-1               0.01%     153.6MiB / 31.11GiB
cvat_ui                                 0.00%     16.41MiB / 31.11GiB
cvat_worker_utils                       0.12%     368.9MiB / 31.11GiB
cvat_worker_consensus                   0.08%     208.2MiB / 31.11GiB
cvat_server                             0.33%     409.9MiB / 31.11GiB
cvat_worker_webhooks                    0.09%     210.7MiB / 31.11GiB
cvat_worker_export                      0.14%     379.3MiB / 31.11GiB
cvat_worker_import                      0.15%     379.7MiB / 31.11GiB
cvat_worker_quality_reports             0.08%     207.8MiB / 31.11GiB
cvat_worker_annotation                  0.09%     211MiB / 31.11GiB
cvat_vector                             0.02%     12.86MiB / 31.11GiB
cvat_worker_chunks                      0.15%     378.8MiB / 31.11GiB
traefik                                 0.00%     86.49MiB / 31.11GiB
cvat_opa                                0.00%     39.26MiB / 31.11GiB
cvat_db                                 0.00%     44.16MiB / 31.11GiB
cvat_grafana                            0.06%     217.9MiB / 31.11GiB
cvat_redis_inmem                        0.25%     6.891MiB / 31.11GiB
cvat_clickhouse                         0.84%     1.047GiB / 31.11GiB
cvat_redis_ondisk                       0.07%     50MiB / 31.11GiB
---
NAME                                    CPU %     MEM USAGE / LIMIT
rinha-de-backend-2026-solution-lb-1     9.22%     45.15MiB / 190MiB
rinha-de-backend-2026-solution-api1-1   4.99%     46.64MiB / 80MiB
rinha-de-backend-2026-solution-api2-1   6.08%     46.65MiB / 80MiB
open-notebook-open_notebook-1           0.45%     375.8MiB / 31.11GiB
open-notebook-surrealdb-1               1.89%     154.1MiB / 31.11GiB
cvat_ui                                 0.00%     16.41MiB / 31.11GiB
cvat_worker_utils                       0.10%     368.9MiB / 31.11GiB
cvat_worker_consensus                   0.10%     208.2MiB / 31.11GiB
cvat_server                             0.41%     410.4MiB / 31.11GiB
cvat_worker_webhooks                    0.09%     210.7MiB / 31.11GiB
cvat_worker_export                      0.16%     379.3MiB / 31.11GiB
cvat_worker_import                      0.18%     379.7MiB / 31.11GiB
cvat_worker_quality_reports             0.09%     207.8MiB / 31.11GiB
cvat_worker_annotation                  0.08%     211MiB / 31.11GiB
cvat_vector                             0.01%     12.86MiB / 31.11GiB
cvat_worker_chunks                      0.16%     378.8MiB / 31.11GiB
traefik                                 0.00%     86.25MiB / 31.11GiB
cvat_opa                                0.00%     37.66MiB / 31.11GiB
cvat_db                                 0.01%     44.16MiB / 31.11GiB
cvat_grafana                            0.06%     217.6MiB / 31.11GiB
cvat_redis_inmem                        0.27%     7.363MiB / 31.11GiB
cvat_clickhouse                         3.84%     1.047GiB / 31.11GiB
cvat_redis_ondisk                       0.07%     50MiB / 31.11GiB
---
NAME                                    CPU %     MEM USAGE / LIMIT
rinha-de-backend-2026-solution-lb-1     8.97%     44.68MiB / 190MiB
rinha-de-backend-2026-solution-api1-1   5.68%     47.39MiB / 80MiB
rinha-de-backend-2026-solution-api2-1   5.22%     46.64MiB / 80MiB
open-notebook-open_notebook-1           0.49%     376MiB / 31.11GiB
open-notebook-surrealdb-1               0.03%     153.6MiB / 31.11GiB
cvat_ui                                 0.00%     16.41MiB / 31.11GiB
cvat_worker_utils                       0.09%     368.9MiB / 31.11GiB
cvat_worker_consensus                   0.11%     208.2MiB / 31.11GiB
cvat_server                             0.36%     410.1MiB / 31.11GiB
cvat_worker_webhooks                    0.10%     210.7MiB / 31.11GiB
cvat_worker_export                      0.16%     379.3MiB / 31.11GiB
cvat_worker_import                      0.19%     379.7MiB / 31.11GiB
cvat_worker_quality_reports             0.09%     207.8MiB / 31.11GiB
cvat_worker_annotation                  0.10%     211MiB / 31.11GiB
cvat_vector                             0.01%     12.86MiB / 31.11GiB
cvat_worker_chunks                      0.16%     378.8MiB / 31.11GiB
traefik                                 0.00%     86.25MiB / 31.11GiB
cvat_opa                                0.00%     37.19MiB / 31.11GiB
cvat_db                                 0.00%     44.16MiB / 31.11GiB
cvat_grafana                            0.39%     217.6MiB / 31.11GiB
cvat_redis_inmem                        0.24%     6.395MiB / 31.11GiB
cvat_clickhouse                         0.94%     1.028GiB / 31.11GiB
cvat_redis_ondisk                       0.10%     50MiB / 31.11GiB
---
NAME                                    CPU %     MEM USAGE / LIMIT
rinha-de-backend-2026-solution-lb-1     8.74%     44.43MiB / 190MiB
rinha-de-backend-2026-solution-api1-1   5.59%     46.9MiB / 80MiB
rinha-de-backend-2026-solution-api2-1   5.90%     47.9MiB / 80MiB
open-notebook-open_notebook-1           0.48%     376MiB / 31.11GiB
open-notebook-surrealdb-1               1.67%     153.9MiB / 31.11GiB
cvat_ui                                 0.00%     16.41MiB / 31.11GiB
cvat_worker_utils                       0.08%     368.9MiB / 31.11GiB
cvat_worker_consensus                   0.09%     208.2MiB / 31.11GiB
cvat_server                             0.34%     410.2MiB / 31.11GiB
cvat_worker_webhooks                    0.09%     210.7MiB / 31.11GiB
cvat_worker_export                      0.16%     379.3MiB / 31.11GiB
cvat_worker_import                      0.14%     379.7MiB / 31.11GiB
cvat_worker_quality_reports             0.10%     207.8MiB / 31.11GiB
cvat_worker_annotation                  0.08%     211MiB / 31.11GiB
cvat_vector                             0.01%     12.86MiB / 31.11GiB
cvat_worker_chunks                      0.18%     378.8MiB / 31.11GiB
traefik                                 0.00%     86.25MiB / 31.11GiB
cvat_opa                                0.00%     36.98MiB / 31.11GiB
cvat_db                                 0.00%     44.16MiB / 31.11GiB
cvat_grafana                            0.06%     217.6MiB / 31.11GiB
cvat_redis_inmem                        0.23%     6.395MiB / 31.11GiB
cvat_clickhouse                         0.79%     1.026GiB / 31.11GiB
cvat_redis_ondisk                       0.07%     50MiB / 31.11GiB
---
NAME                                    CPU %     MEM USAGE / LIMIT
rinha-de-backend-2026-solution-lb-1     11.05%    44.36MiB / 190MiB
rinha-de-backend-2026-solution-api1-1   5.79%     46.89MiB / 80MiB
rinha-de-backend-2026-solution-api2-1   5.74%     47.43MiB / 80MiB
open-notebook-open_notebook-1           0.45%     375.8MiB / 31.11GiB
open-notebook-surrealdb-1               0.00%     153.6MiB / 31.11GiB
cvat_ui                                 0.00%     16.41MiB / 31.11GiB
cvat_worker_utils                       0.10%     368.9MiB / 31.11GiB
cvat_worker_consensus                   0.09%     208.2MiB / 31.11GiB
cvat_server                             0.35%     410.1MiB / 31.11GiB
cvat_worker_webhooks                    0.09%     210.7MiB / 31.11GiB
cvat_worker_export                      0.18%     379.3MiB / 31.11GiB
cvat_worker_import                      0.18%     379.7MiB / 31.11GiB
cvat_worker_quality_reports             0.11%     207.8MiB / 31.11GiB
cvat_worker_annotation                  0.08%     211MiB / 31.11GiB
cvat_vector                             0.01%     12.86MiB / 31.11GiB
cvat_worker_chunks                      0.21%     378.8MiB / 31.11GiB
traefik                                 0.00%     86.25MiB / 31.11GiB
cvat_opa                                0.05%     36.73MiB / 31.11GiB
cvat_db                                 0.00%     44.16MiB / 31.11GiB
cvat_grafana                            0.05%     217.6MiB / 31.11GiB
cvat_redis_inmem                        0.23%     6.395MiB / 31.11GiB
cvat_clickhouse                         4.56%     1.026GiB / 31.11GiB
cvat_redis_ondisk                       0.09%     50.21MiB / 31.11GiB
---
NAME                                    CPU %     MEM USAGE / LIMIT
rinha-de-backend-2026-solution-lb-1     10.22%    44.01MiB / 190MiB
rinha-de-backend-2026-solution-api1-1   5.95%     47.38MiB / 80MiB
rinha-de-backend-2026-solution-api2-1   5.76%     48.16MiB / 80MiB
open-notebook-open_notebook-1           0.45%     376MiB / 31.11GiB
open-notebook-surrealdb-1               0.30%     153.6MiB / 31.11GiB
cvat_ui                                 0.00%     16.41MiB / 31.11GiB
cvat_worker_utils                       0.10%     368.9MiB / 31.11GiB
cvat_worker_consensus                   0.08%     208.2MiB / 31.11GiB
cvat_server                             0.33%     410.4MiB / 31.11GiB
cvat_worker_webhooks                    0.09%     210.7MiB / 31.11GiB
cvat_worker_export                      0.20%     379.3MiB / 31.11GiB
cvat_worker_import                      0.15%     379.7MiB / 31.11GiB
cvat_worker_quality_reports             0.09%     207.8MiB / 31.11GiB
cvat_worker_annotation                  0.10%     211MiB / 31.11GiB
cvat_vector                             0.02%     12.86MiB / 31.11GiB
cvat_worker_chunks                      0.16%     378.8MiB / 31.11GiB
traefik                                 0.00%     86.25MiB / 31.11GiB
cvat_opa                                0.00%     36.77MiB / 31.11GiB
cvat_db                                 0.00%     44.16MiB / 31.11GiB
cvat_grafana                            0.04%     217.6MiB / 31.11GiB
cvat_redis_inmem                        0.24%     6.391MiB / 31.11GiB
cvat_clickhouse                         0.75%     1.04GiB / 31.11GiB
cvat_redis_ondisk                       0.06%     50.2MiB / 31.11GiB
---
NAME                                    CPU %     MEM USAGE / LIMIT
rinha-de-backend-2026-solution-lb-1     11.24%    44.91MiB / 190MiB
rinha-de-backend-2026-solution-api1-1   6.20%     47.9MiB / 80MiB
rinha-de-backend-2026-solution-api2-1   6.69%     47.18MiB / 80MiB
open-notebook-open_notebook-1           0.45%     376MiB / 31.11GiB
open-notebook-surrealdb-1               0.00%     153.6MiB / 31.11GiB
cvat_ui                                 0.00%     16.41MiB / 31.11GiB
cvat_worker_utils                       0.08%     368.9MiB / 31.11GiB
cvat_worker_consensus                   0.09%     208.2MiB / 31.11GiB
cvat_server                             0.34%     410.2MiB / 31.11GiB
cvat_worker_webhooks                    0.09%     210.7MiB / 31.11GiB
cvat_worker_export                      0.20%     379.3MiB / 31.11GiB
cvat_worker_import                      0.16%     379.7MiB / 31.11GiB
cvat_worker_quality_reports             0.09%     207.8MiB / 31.11GiB
cvat_worker_annotation                  0.08%     211MiB / 31.11GiB
cvat_vector                             0.02%     12.86MiB / 31.11GiB
cvat_worker_chunks                      0.17%     378.8MiB / 31.11GiB
traefik                                 0.00%     86.25MiB / 31.11GiB
cvat_opa                                0.00%     35.77MiB / 31.11GiB
cvat_db                                 1.11%     44.49MiB / 31.11GiB
cvat_grafana                            0.15%     217.6MiB / 31.11GiB
cvat_redis_inmem                        0.30%     6.637MiB / 31.11GiB
cvat_clickhouse                         0.73%     1.049GiB / 31.11GiB
cvat_redis_ondisk                       0.09%     50.2MiB / 31.11GiB
---
NAME                                    CPU %     MEM USAGE / LIMIT
rinha-de-backend-2026-solution-lb-1     12.46%    44.81MiB / 190MiB
rinha-de-backend-2026-solution-api1-1   6.19%     47.86MiB / 80MiB
rinha-de-backend-2026-solution-api2-1   6.39%     47.95MiB / 80MiB
open-notebook-open_notebook-1           0.49%     376.2MiB / 31.11GiB
open-notebook-surrealdb-1               0.00%     153.9MiB / 31.11GiB
cvat_ui                                 0.00%     16.41MiB / 31.11GiB
cvat_worker_utils                       0.09%     368.9MiB / 31.11GiB
cvat_worker_consensus                   0.10%     208.2MiB / 31.11GiB
cvat_server                             0.37%     409.9MiB / 31.11GiB
cvat_worker_webhooks                    0.09%     210.7MiB / 31.11GiB
cvat_worker_export                      0.15%     379.3MiB / 31.11GiB
cvat_worker_import                      0.15%     379.7MiB / 31.11GiB
cvat_worker_quality_reports             0.08%     207.8MiB / 31.11GiB
cvat_worker_annotation                  0.09%     211MiB / 31.11GiB
cvat_vector                             0.02%     12.86MiB / 31.11GiB
cvat_worker_chunks                      0.17%     378.8MiB / 31.11GiB
traefik                                 0.00%     86.25MiB / 31.11GiB
cvat_opa                                0.00%     35.77MiB / 31.11GiB
cvat_db                                 0.01%     44.16MiB / 31.11GiB
cvat_grafana                            0.08%     217.9MiB / 31.11GiB
cvat_redis_inmem                        0.23%     6.387MiB / 31.11GiB
cvat_clickhouse                         0.81%     1.055GiB / 31.11GiB
cvat_redis_ondisk                       0.08%     50MiB / 31.11GiB
---
NAME                                    CPU %     MEM USAGE / LIMIT
rinha-de-backend-2026-solution-lb-1     13.11%    44.79MiB / 190MiB
rinha-de-backend-2026-solution-api1-1   6.62%     46.89MiB / 80MiB
rinha-de-backend-2026-solution-api2-1   6.27%     46.93MiB / 80MiB
open-notebook-open_notebook-1           0.49%     376.2MiB / 31.11GiB
open-notebook-surrealdb-1               1.72%     154.1MiB / 31.11GiB
cvat_ui                                 0.00%     16.41MiB / 31.11GiB
cvat_worker_utils                       0.08%     368.9MiB / 31.11GiB
cvat_worker_consensus                   0.10%     208.2MiB / 31.11GiB
cvat_server                             0.44%     409.9MiB / 31.11GiB
cvat_worker_webhooks                    0.11%     210.7MiB / 31.11GiB
cvat_worker_export                      0.14%     379.3MiB / 31.11GiB
cvat_worker_import                      0.15%     379.7MiB / 31.11GiB
cvat_worker_quality_reports             0.09%     207.8MiB / 31.11GiB
cvat_worker_annotation                  0.09%     211MiB / 31.11GiB
cvat_vector                             0.03%     12.86MiB / 31.11GiB
cvat_worker_chunks                      0.17%     378.8MiB / 31.11GiB
traefik                                 0.00%     86.25MiB / 31.11GiB
cvat_opa                                0.04%     35.85MiB / 31.11GiB
cvat_db                                 0.00%     44.16MiB / 31.11GiB
cvat_grafana                            0.06%     217.9MiB / 31.11GiB
cvat_redis_inmem                        0.29%     6.145MiB / 31.11GiB
cvat_clickhouse                         2.13%     1.056GiB / 31.11GiB
cvat_redis_ondisk                       0.07%     50MiB / 31.11GiB
---
NAME                                    CPU %     MEM USAGE / LIMIT
rinha-de-backend-2026-solution-lb-1     11.93%    45.59MiB / 190MiB
rinha-de-backend-2026-solution-api1-1   7.16%     47.89MiB / 80MiB
rinha-de-backend-2026-solution-api2-1   6.84%     47.66MiB / 80MiB
open-notebook-open_notebook-1           0.48%     376.2MiB / 31.11GiB
open-notebook-surrealdb-1               0.02%     154.4MiB / 31.11GiB
cvat_ui                                 0.00%     16.41MiB / 31.11GiB
cvat_worker_utils                       0.09%     368.9MiB / 31.11GiB
cvat_worker_consensus                   0.09%     208.2MiB / 31.11GiB
cvat_server                             0.38%     409.9MiB / 31.11GiB
cvat_worker_webhooks                    0.09%     210.7MiB / 31.11GiB
cvat_worker_export                      0.17%     379.3MiB / 31.11GiB
cvat_worker_import                      0.14%     379.7MiB / 31.11GiB
cvat_worker_quality_reports             0.10%     207.8MiB / 31.11GiB
cvat_worker_annotation                  0.08%     211MiB / 31.11GiB
cvat_vector                             0.02%     12.86MiB / 31.11GiB
cvat_worker_chunks                      0.17%     378.8MiB / 31.11GiB
traefik                                 0.00%     86.25MiB / 31.11GiB
cvat_opa                                0.00%     35.35MiB / 31.11GiB
cvat_db                                 0.00%     44.16MiB / 31.11GiB
cvat_grafana                            0.03%     217.6MiB / 31.11GiB
cvat_redis_inmem                        0.25%     6.145MiB / 31.11GiB
cvat_clickhouse                         0.86%     1.055GiB / 31.11GiB
cvat_redis_ondisk                       0.10%     50MiB / 31.11GiB
---
NAME                                    CPU %     MEM USAGE / LIMIT
rinha-de-backend-2026-solution-lb-1     8.30%     44.28MiB / 190MiB
rinha-de-backend-2026-solution-api1-1   5.73%     48.18MiB / 80MiB
rinha-de-backend-2026-solution-api2-1   5.61%     46.9MiB / 80MiB
open-notebook-open_notebook-1           0.42%     375.8MiB / 31.11GiB
open-notebook-surrealdb-1               0.00%     153.4MiB / 31.11GiB
cvat_ui                                 0.00%     16.41MiB / 31.11GiB
cvat_worker_utils                       0.09%     368.9MiB / 31.11GiB
cvat_worker_consensus                   0.09%     208.2MiB / 31.11GiB
cvat_server                             0.34%     409.9MiB / 31.11GiB
cvat_worker_webhooks                    0.09%     210.7MiB / 31.11GiB
cvat_worker_export                      0.16%     379.3MiB / 31.11GiB
cvat_worker_import                      0.15%     379.7MiB / 31.11GiB
cvat_worker_quality_reports             0.09%     207.8MiB / 31.11GiB
cvat_worker_annotation                  0.08%     211MiB / 31.11GiB
cvat_vector                             0.02%     12.86MiB / 31.11GiB
cvat_worker_chunks                      0.14%     378.8MiB / 31.11GiB
traefik                                 0.00%     86.25MiB / 31.11GiB
cvat_opa                                4.41%     38.04MiB / 31.11GiB
cvat_db                                 0.00%     44.16MiB / 31.11GiB
cvat_grafana                            0.06%     217.6MiB / 31.11GiB
cvat_redis_inmem                        0.30%     6.633MiB / 31.11GiB
cvat_clickhouse                         3.54%     1.036GiB / 31.11GiB
cvat_redis_ondisk                       0.07%     50MiB / 31.11GiB
